// Jest Snapshot v1, https://goo.gl/fbAQLP

exports[`components/Spinner renders spinner correctly 1`] = `undefined`;
